// Jest Snapshot v1, https://goo.gl/fbAQLP

exports[`Client Side Routes Should handle base route 1`] = `
"<!DOCTYPE html>
<html lang="en">

<head>
  <meta charset="utf-8">
  <meta name="viewport" content="width=device-width, initial-scale=1.0">
  <title>Gatsby Plugin Fastify - Client Side Route</title>
</head>

<body>
  <h1>Welcome to the CSR!</h1>
</body>

</html>"
`;

exports[`Client Side Routes Should handle sub routes 1`] = `
"<!DOCTYPE html>
<html lang="en">

<head>
  <meta charset="utf-8">
  <meta name="viewport" content="width=device-width, initial-scale=1.0">
  <title>Gatsby Plugin Fastify - Client Side Route</title>
</head>

<body>
  <h1>Welcome to the CSR!</h1>
</body>

</html>"
`;
