// Jest Snapshot v1, https://goo.gl/fbAQLP

exports[`Test Gatsby Server Gatsby Path Prefix Should be served at prefix 1`] = `
"<!DOCTYPE html>
<html lang="en">

<head>
  <meta charset="utf-8">
  <meta name="viewport" content="width=device-width, initial-scale=1.0">
  <title>Gatsby Plugin Fastify</title>
</head>

<body>
  <h1>Hello World</h1>
</body>

</html>"
`;
