// Jest Snapshot v1, https://goo.gl/fbAQLP

exports[`Gatsby Node API Should Build Config 1`] = `
{
  "clientSideRoutes": [
    {
      "matchPath": "/app*",
      "path": "/app/[...]/",
    },
  ],
  "fakeOption": "fakeValue",
  "functions": [
    {
      "absoluteCompiledFilePath": "/Users/user/code/gatsby-uc/plugins/integration-tests/plugin-fastify/.cache/functions/splat/:splat.js",
      "functionRoute": "splat/:splat",
      "originalAbsoluteFilePath": "/Users/user/code/gatsby-uc/plugins/integration-tests/plugin-fastify/src/api/splat/:splat.js",
      "originalRelativeFilePath": "splat/:splat.js",
      "pluginName": "default-site-plugin",
      "relativeCompiledFilePath": "splat/:splat.js",
    },
    {
      "absoluteCompiledFilePath": "/Users/user/code/gatsby-uc/plugins/integration-tests/plugin-fastify/.cache/functions/test.js",
      "functionRoute": "test",
      "originalAbsoluteFilePath": "/Users/user/code/gatsby-uc/plugins/integration-tests/plugin-fastify/src/api/test.js",
      "originalRelativeFilePath": "test.js",
      "pluginName": "default-site-plugin",
      "relativeCompiledFilePath": "test.js",
    },
  ],
  "prefix": "/test",
  "proxies": [],
  "redirects": [
    {
      "fromPath": "/perm-redirect",
      "ignoreCase": true,
      "isPermanent": true,
      "redirectInBrowser": false,
      "toPath": "/posts/page-1",
    },
    {
      "fromPath": "/temp-redirect",
      "ignoreCase": true,
      "isPermanent": false,
      "redirectInBrowser": false,
      "toPath": "/posts/page-2",
    },
    {
      "fromPath": "/alt-redirect",
      "ignoreCase": true,
      "isPermanent": false,
      "redirectInBrowser": false,
      "statusCode": 307,
      "toPath": "/posts/page-3",
    },
  ],
  "serverSideRoutes": [
    {
      "matchPath": "/ssr",
      "mode": "SSR",
      "path": "/ssr",
    },
    {
      "matchPath": "/my/dsg/path",
      "mode": "DSG",
      "path": "/my/dsg/path",
    },
  ],
}
`;
